Waiting for: 2026-09-04-guild-spark-mini-class
2026-09-02-coffee-hour-mini-class.txt: 1/12
2026-09-02-coffee-hour-mini-class.txt: 2/12
2026-09-02-coffee-hour-mini-class.txt: 3/12
2026-09-02-coffee-hour-mini-class.txt: 4/12
2026-09-02-coffee-hour-mini-class.txt: 5/12
2026-09-02-coffee-hour-mini-class.txt: 6/12
2026-09-02-coffee-hour-mini-class.txt: 7/12
2026-09-02-coffee-hour-mini-class.txt: 8/12
2026-09-02-coffee-hour-mini-class.txt: 9/12
2026-09-02-coffee-hour-mini-class.txt: 10/12
2026-09-02-coffee-hour-mini-class.txt: 11/12
2026-09-02-coffee-hour-mini-class.txt: 12/12
{"source": "/home/tom/hermes-workspace/coaching-calls/2026-09-02-to-2026-09-09/classes/2026-09-02-coffee-hour-mini-class.txt", "output": "/home/tom/hermes-workspace/coaching-calls/audio/2026-09-02-coffee-hour-mini-class.mp3", "duration": "547.325000", "size": "8758701"}
2026-09-04-coffee-hour-mini-class.txt: 1/12
2026-09-04-coffee-hour-mini-class.txt: 2/12
2026-09-04-coffee-hour-mini-class.txt: 3/12
2026-09-04-coffee-hour-mini-class.txt: 4/12
2026-09-04-coffee-hour-mini-class.txt: 5/12
2026-09-04-coffee-hour-mini-class.txt: 6/12
2026-09-04-coffee-hour-mini-class.txt: 7/12
2026-09-04-coffee-hour-mini-class.txt: 8/12
2026-09-04-coffee-hour-mini-class.txt: 9/12
2026-09-04-coffee-hour-mini-class.txt: 10/12
2026-09-04-coffee-hour-mini-class.txt: 11/12
2026-09-04-coffee-hour-mini-class.txt: 12/12
{"source": "/home/tom/hermes-workspace/coaching-calls/2026-09-02-to-2026-09-09/classes/2026-09-04-coffee-hour-mini-class.txt", "output": "/home/tom/hermes-workspace/coaching-calls/audio/2026-09-04-coffee-hour-mini-class.mp3", "duration": "573.850000", "size": "9183021"}
2026-09-07-coffee-hour-mini-class.txt: 1/12
2026-09-07-coffee-hour-mini-class.txt: 2/12
2026-09-07-coffee-hour-mini-class.txt: 3/12
2026-09-07-coffee-hour-mini-class.txt: 4/12
2026-09-07-coffee-hour-mini-class.txt: 5/12
2026-09-07-coffee-hour-mini-class.txt: 6/12
2026-09-07-coffee-hour-mini-class.txt: 7/12
2026-09-07-coffee-hour-mini-class.txt: 8/12
2026-09-07-coffee-hour-mini-class.txt: 9/12
2026-09-07-coffee-hour-mini-class.txt: 10/12
2026-09-07-coffee-hour-mini-class.txt: 11/12
2026-09-07-coffee-hour-mini-class.txt: 12/12
{"source": "/home/tom/hermes-workspace/coaching-calls/2026-09-02-to-2026-09-09/classes/2026-09-07-coffee-hour-mini-class.txt", "output": "/home/tom/hermes-workspace/coaching-calls/audio/2026-09-07-coffee-hour-mini-class.mp3", "duration": "583.050000", "size": "9330093"}
2026-09-09-coffee-hour-mini-class.txt: 1/12
2026-09-09-coffee-hour-mini-class.txt: 2/12
2026-09-09-coffee-hour-mini-class.txt: 3/12
2026-09-09-coffee-hour-mini-class.txt: 4/12
2026-09-09-coffee-hour-mini-class.txt: 5/12
2026-09-09-coffee-hour-mini-class.txt: 6/12
2026-09-09-coffee-hour-mini-class.txt: 7/12
2026-09-09-coffee-hour-mini-class.txt: 8/12
2026-09-09-coffee-hour-mini-class.txt: 9/12
2026-09-09-coffee-hour-mini-class.txt: 10/12
2026-09-09-coffee-hour-mini-class.txt: 11/12
2026-09-09-coffee-hour-mini-class.txt: 12/12
{"source": "/home/tom/hermes-workspace/coaching-calls/2026-09-02-to-2026-09-09/classes/2026-09-09-coffee-hour-mini-class.txt", "output": "/home/tom/hermes-workspace/coaching-calls/audio/2026-09-09-coffee-hour-mini-class.mp3", "duration": "567.475000", "size": "9080877"}
2026-09-02-guild-spark-mini-class.txt: 1/12
2026-09-02-guild-spark-mini-class.txt: 2/12
2026-09-02-guild-spark-mini-class.txt: 3/12
2026-09-02-guild-spark-mini-class.txt: 4/12
2026-09-02-guild-spark-mini-class.txt: 5/12
2026-09-02-guild-spark-mini-class.txt: 6/12
2026-09-02-guild-spark-mini-class.txt: 7/12
2026-09-02-guild-spark-mini-class.txt: 8/12
2026-09-02-guild-spark-mini-class.txt: 9/12
2026-09-02-guild-spark-mini-class.txt: 10/12
2026-09-02-guild-spark-mini-class.txt: 11/12
2026-09-02-guild-spark-mini-class.txt: 12/12
{"source": "/home/tom/hermes-workspace/coaching-calls/2026-09-02-to-2026-09-09/classes/2026-09-02-guild-spark-mini-class.txt", "output": "/home/tom/hermes-workspace/coaching-calls/audio/2026-09-02-guild-spark-mini-class.mp3", "duration": "543.625958", "size": "8699565"}
2026-09-04-guild-spark-mini-class.txt: 1/13
2026-09-04-guild-spark-mini-class.txt: 2/13
2026-09-04-guild-spark-mini-class.txt: 3/13
2026-09-04-guild-spark-mini-class.txt: 4/13
2026-09-04-guild-spark-mini-class.txt: 5/13
2026-09-04-guild-spark-mini-class.txt: 6/13
2026-09-04-guild-spark-mini-class.txt: 7/13
2026-09-04-guild-spark-mini-class.txt: 8/13
2026-09-04-guild-spark-mini-class.txt: 9/13
2026-09-04-guild-spark-mini-class.txt: 10/13
2026-09-04-guild-spark-mini-class.txt: 11/13
2026-09-04-guild-spark-mini-class.txt: 12/13
2026-09-04-guild-spark-mini-class.txt: 13/13
{"source": "/home/tom/hermes-workspace/coaching-calls/2026-09-02-to-2026-09-09/classes/2026-09-04-guild-spark-mini-class.txt", "output": "/home/tom/hermes-workspace/coaching-calls/audio/2026-09-04-guild-spark-mini-class.mp3", "duration": "617.675000", "size": "9884205"}
2026-09-07-guild-spark-mini-class.txt: 1/11
2026-09-07-guild-spark-mini-class.txt: 2/11
2026-09-07-guild-spark-mini-class.txt: 3/11
2026-09-07-guild-spark-mini-class.txt: 4/11
2026-09-07-guild-spark-mini-class.txt: 5/11
2026-09-07-guild-spark-mini-class.txt: 6/11
2026-09-07-guild-spark-mini-class.txt: 7/11
2026-09-07-guild-spark-mini-class.txt: 8/11
2026-09-07-guild-spark-mini-class.txt: 9/11
2026-09-07-guild-spark-mini-class.txt: 10/11
2026-09-07-guild-spark-mini-class.txt: 11/11
{"source": "/home/tom/hermes-workspace/coaching-calls/2026-09-02-to-2026-09-09/classes/2026-09-07-guild-spark-mini-class.txt", "output": "/home/tom/hermes-workspace/coaching-calls/audio/2026-09-07-guild-spark-mini-class.mp3", "duration": "563.425958", "size": "9016365"}
2026-09-09-guild-spark-mini-class.txt: 1/13
2026-09-09-guild-spark-mini-class.txt: 2/13
2026-09-09-guild-spark-mini-class.txt: 3/13
2026-09-09-guild-spark-mini-class.txt: 4/13
2026-09-09-guild-spark-mini-class.txt: 5/13
2026-09-09-guild-spark-mini-class.txt: 6/13
2026-09-09-guild-spark-mini-class.txt: 7/13
2026-09-09-guild-spark-mini-class.txt: 8/13
2026-09-09-guild-spark-mini-class.txt: 9/13
2026-09-09-guild-spark-mini-class.txt: 10/13
2026-09-09-guild-spark-mini-class.txt: 11/13
2026-09-09-guild-spark-mini-class.txt: 12/13
2026-09-09-guild-spark-mini-class.txt: 13/13
{"source": "/home/tom/hermes-workspace/coaching-calls/2026-09-02-to-2026-09-09/classes/2026-09-09-guild-spark-mini-class.txt", "output": "/home/tom/hermes-workspace/coaching-calls/audio/2026-09-09-guild-spark-mini-class.mp3", "duration": "616.475000", "size": "9865005"}
Rendered 8 archive classes.
